../Drivers/STM32H5xx_HAL_Driver/Src/stm32h5xx_hal_dac_ex.c:127:19:HAL_DACEx_DualStart	16	static
../Drivers/STM32H5xx_HAL_Driver/Src/stm32h5xx_hal_dac_ex.c:187:19:HAL_DACEx_DualStop	0	static
../Drivers/STM32H5xx_HAL_Driver/Src/stm32h5xx_hal_dac_ex.c:224:19:HAL_DACEx_DualStart_DMA	32	static
../Drivers/STM32H5xx_HAL_Driver/Src/stm32h5xx_hal_dac_ex.c:409:19:HAL_DACEx_DualStop_DMA	8	static
../Drivers/STM32H5xx_HAL_Driver/Src/stm32h5xx_hal_dac_ex.c:488:19:HAL_DACEx_TriangleWaveGenerate	8	static
../Drivers/STM32H5xx_HAL_Driver/Src/stm32h5xx_hal_dac_ex.c:544:19:HAL_DACEx_NoiseWaveGenerate	8	static
../Drivers/STM32H5xx_HAL_Driver/Src/stm32h5xx_hal_dac_ex.c:592:19:HAL_DACEx_DualSetValue	0	static
../Drivers/STM32H5xx_HAL_Driver/Src/stm32h5xx_hal_dac_ex.c:634:13:HAL_DACEx_ConvCpltCallbackCh2	0	static
../Drivers/STM32H5xx_HAL_Driver/Src/stm32h5xx_hal_dac_ex.c:946:6:DAC_DMAConvCpltCh2	8	static
../Drivers/STM32H5xx_HAL_Driver/Src/stm32h5xx_hal_dac_ex.c:650:13:HAL_DACEx_ConvHalfCpltCallbackCh2	0	static
../Drivers/STM32H5xx_HAL_Driver/Src/stm32h5xx_hal_dac_ex.c:965:6:DAC_DMAHalfConvCpltCh2	8	static
../Drivers/STM32H5xx_HAL_Driver/Src/stm32h5xx_hal_dac_ex.c:666:13:HAL_DACEx_ErrorCallbackCh2	0	static
../Drivers/STM32H5xx_HAL_Driver/Src/stm32h5xx_hal_dac_ex.c:982:6:DAC_DMAErrorCh2	8	static
../Drivers/STM32H5xx_HAL_Driver/Src/stm32h5xx_hal_dac_ex.c:682:13:HAL_DACEx_DMAUnderrunCallbackCh2	0	static
../Drivers/STM32H5xx_HAL_Driver/Src/stm32h5xx_hal_dac_ex.c:706:19:HAL_DACEx_SelfCalibrate	48	static
../Drivers/STM32H5xx_HAL_Driver/Src/stm32h5xx_hal_dac_ex.c:838:19:HAL_DACEx_SetUserTrimming	20	static
../Drivers/STM32H5xx_HAL_Driver/Src/stm32h5xx_hal_dac_ex.c:879:10:HAL_DACEx_GetTrimOffset	0	static
../Drivers/STM32H5xx_HAL_Driver/Src/stm32h5xx_hal_dac_ex.c:913:10:HAL_DACEx_DualGetValue	0	static
