../Core/Src/main.c:88:17:ecg_mv_to_dac	24	static
../Core/Src/main.c:101:13:build_dac_block	24	static
../Core/Src/main.c:127:17:read_adc_channel	56	static
../Core/Src/main.c:165:5:main	8	static
../Core/Src/main.c:270:6:SystemClock_Config	120	static
../Core/Src/main.c:321:13:MX_ADC1_Init	40	static
../Core/Src/main.c:367:13:MX_DAC1_Init	56	static
../Core/Src/main.c:408:13:MX_I2C1_Init	8	static
../Core/Src/main.c:444:13:MX_GPIO_Init	40	static
../Core/Src/main.c:467:6:Error_Handler	4	static,ignoring_inline_asm
